// Vitest Snapshot v1, https://vitest.dev/guide/snapshot.html

exports[`ToastContainer > matches snapshot with multiple toasts 1`] = `
<div
  class="fixed top-4 right-4 space-y-2 z-50"
>
  <div
    class="px-4 py-3 rounded-lg shadow-md text-white bg-primary"
  >
    <p
      class="text-sm"
    >
      First
    </p>
  </div>
  <div
    class="px-4 py-3 rounded-lg shadow-md text-white bg-red-500"
  >
    <p
      class="text-sm"
    >
      Second
    </p>
  </div>
</div>
`;
