// Vitest Snapshot v1, https://vitest.dev/guide/snapshot.html

exports[`TextArea Component (unit/integration) > matches snapshot 1`] = `
<textarea
  class="w-full block text-foreground p-3 bg-gray border-0 rounded-md focus:outline-none focus:ring-2 focus:ring-primary resize-y custom-class"
  id="12345678-abcd-efgh-ijkl-123456789012"
  placeholder="test placeholder text"
  rows="6"
>
  Test message content
</textarea>
`;
