// Vitest Snapshot v1, https://vitest.dev/guide/snapshot.html

exports[`TextArea Component (unit/integration) > matches snapshot 1`] = `
<textarea
  class="w-full block text-foreground p-3 bg-gray border-0 rounded-md focus:outline-none focus:ring-2 focus:ring-primary resize-y next"
  id="b4a8022f-89b8-4ec6-a5f5-dd8e11be24a2"
  placeholder="supplanto auditor iste"
  rows="7"
>
  Molestias ad astrum stillicidium trucido cohibeo varietas.
</textarea>
`;

exports[`TextArea Component (unit/integration) > matches snapshot for regression safety 1`] = `
<textarea
  class="w-full block text-foreground p-3 bg-gray border-0 rounded-md focus:outline-none focus:ring-2 focus:ring-primary resize-y next"
  id="b4a8022f-89b8-4ec6-a5f5-dd8e11be24a2"
  placeholder="supplanto auditor iste"
  rows="7"
>
  Molestias ad astrum stillicidium trucido cohibeo varietas.
</textarea>
`;
