// Vitest Snapshot v1, https://vitest.dev/guide/snapshot.html

exports[`WeatherDetailCard Component (unit/integration) > matches snapshot 1`] = `
<div
  class="bg-gray p-5 rounded-3xl flex gap-4 items-start"
>
  <img
    alt="Test Label icon"
    class="w-6"
    src="/weather_details/testicon.svg"
  />
  <div>
    <h5
      class="mb-2 text-xl text-detail"
    >
      Test Label
    </h5>
    <h3
      class="text-3xl text-foreground font-semibold"
    >
      65 %
    </h3>
  </div>
</div>
`;
