// Vitest Snapshot v1, https://vitest.dev/guide/snapshot.html

exports[`HomePage > matches snapshot 1`] = `
<DocumentFragment>
  <div>
    <div
      class="mb-8"
    >
      <input
        data-testid="searchbar"
        value=""
      />
    </div>
    <div
      data-testid="pagination"
    >
      <div
        data-testid="cities"
      >
        Berlin,Paris
      </div>
    </div>
  </div>
</DocumentFragment>
`;
