// Vitest Snapshot v1, https://vitest.dev/guide/snapshot.html

exports[`Cities component > matches snapshot with multiple cities 1`] = `
<div
  class="grid grid-cols-1 lg:grid-cols-2 gap-8 w-full"
>
  <div
    data-testid="weather-card-TestCity1"
  >
    <span>
      TestCity1
    </span>
    <span>
      ☆
    </span>
    <span />
    <button>
      toggle-fav
    </button>
    <button>
      remove
    </button>
  </div>
  <div
    data-testid="weather-card-TestCity2"
  >
    <span>
      TestCity2
    </span>
    <span>
      ☆
    </span>
    <span />
    <button>
      toggle-fav
    </button>
    <button>
      remove
    </button>
  </div>
  <div
    data-testid="weather-card-TestCity3"
  >
    <span>
      TestCity3
    </span>
    <span>
      ☆
    </span>
    <span />
    <button>
      toggle-fav
    </button>
    <button>
      remove
    </button>
  </div>
</div>
`;
